2018-08-21T14:04:21.221 38708007 medusa-GpsLocator.service python[184] FATAL GPS Reference longitude: 7.358143333
2018-08-21T14:04:21.221 38708007 medusa-GpsLocator.service python[184] INFO GPS Reference latitude: 46.908706667
