2009-07-20 22:59:30,221:ERROR:Goodbye, World!
2009-07-20 22:59:30,221:ERROR:Goodbye, World!
