[7m[31m [0m[31m2009-07-20 22:59:30[0m[7m[31m,221:[0m[7m[31mE[0m[7m[31mRROR[0m[7m[31m:[0m[7m[31mGo[0m[7m[31modbye[0m[31m, World![0m
