[1mlog_line [0m[1mlog_msg_instance [0m[1m  col_0   [0m
[1m       0[0m[1m [0m[1m               0[0m[1m [0m[1meth0.IPv4 [0m
       7                1 eth0.IPv4 
