info: changed config option -- /ui/clock-format
info: reset option -- /ui/clock-format
/ui/clock-format = "%a %b %d %H:%M:%S %Z"
