[1mlog_line [0m[1mlog_part [0m[1m       log_time         [0m[1m[7mlog_idle_msecs [0m[1mlog_level [0m[1mlog_mark [0m[1mlog_comment [0m[1mlog_tags [0m[1mlog_filters [0m[1mlog_msg_format [0m
[1m       0[0m[1m [0m[1m  <[0m[1mNULL[0m[1m>[0m[1m [0m[1m2009-07-20 22:59:26.000[0m[1m [0m[1m             0[0m[1m [0m[1minfo     [0m[1m [0m[1m       0[0m[1m [0m[1m     <[0m[1mNULL[0m[1m>[0m[1m [0m[1m  <[0m[1mNULL[0m[1m>[0m[1m [0m[1m     <[0m[1mNULL[0m[1m>[0m[1m [0m[1m               [0m
       2   <NULL> 2009-07-20 22:59:29.000              0 info             0      <NULL>   <NULL>      <NULL>                
