[7m [0m[1m[7mS[0mat Nov 03 00:00:00          2 normal         2 errors         0 warnings         0 marks
