2009-07-20 22:59:27,672:DEBUG:Hello, World!
  How are you today?
2009-07-20 22:59:30,221:ERROR:Goodbye, World!
