[1mlog_msg_instance [0m[1m  col_0   [0m
[1m               1[0m[1m [0m[1meth0.IPv4 [0m
