                 SELECT       lower(abc)
     sql_keyword ------
       sql_ident              -----
        sql_func              ---------
       sql_ident                    ---
SELECT: Query the database and return zero or more rows of data.
