2017-03-24T20:06:26.240 1.1.1.1 GET 200 /example/uri/5
2017-03-24T20:12:47.764 1.1.1.1 GET 500 /example/uri/5
2017-03-24T20:15:31.694 1.1.1.1 GET 400 /example/uri/5
