[1mid [0m[1mfirst_name [0m[1mlast_name [0m[1m[7mage [0m
[1m[7m [0m[1m0[0m[1m [0m[1mPhil      [0m[1m [0m[1mMyman    [0m[1m [0m[1m 30 [0m
[7m 1[0m[7m [0m[7mLem       [0m[7m [0m[7mHewitt   [0m[7m [0m[7m 35[0m 
