[1m$id [0m[1m$parent [0m[1m$notused [0m[1m                   replace($detail, 'SCAN TABLE', 'SCAN')                     [0m
[1m2  [0m[1m [0m[1m0      [0m[1m [0m[1m0       [0m[1m [0m[1mSCAN access_log VIRTUAL TABLE INDEX 1:SEARCH access_log USING log_path GLOB ? [0m
