[35m''[0m
[35m{[0m
[35m    "fo[0m[35mo bar" : [0m[35mnull,[0m
[35m [0m[35m   "array" : [[0m
[35m    [0m[35m    1[0m[35m,[0m
[35m   [0m[35m     2[0m[35m,[0m
[35m   [0m[35m     3[0m
[35m    ][0m,
    "obj" : {
        "one" : 1,
        "two" : true 
    } 
}
''
