Min: 0                  [42m  [0m 1-23 [43m  [0m 24-48 [41m  [0m 49+                   Max: 291,690
[41m [0m[43mW[0m[42me[0m[42md[0m[42m [0m[42mN[0mo[42mv[0m[42m [0m[42m0[0m[42m2[0m[42m [0m[42m1[0m[42m7[0m[42m:[0m1[42m5[0m[42m:[0m00[42m [0m  [42m [0m[42m [0m [42m [0m[42m [0m [42m [0m                [42m [0m                       [42m [0m      [42m [0m
[43m [0m[42mW[0m[42me[0m[42md[0m[42m [0m[42mN[0m[42mo[0mv[42m [0m02 [42m1[0m[42m7[0m:2[42m0[0m:00                                                          
