[1m                                                replicate('foobar', 120)                                                 [0m
foobarfoobarfoobarfoobarfoobarfoobarfoobarfoobarfoobarfoobarâ‹¯oobarfoobarfoobarfoobarfoobarfoobarfoobarfoobarfoobarfoobar 
