[1mview_name [0m[1m[7mfilter_id [0m[1m[7menabled [0m[1mtype [0m[1mlanguage [0m[1mpattern [0m
[1m[7mlog      [0m[1m[7m [0m[1m[7m        0[0m[1m[7m [0m[1m[7m      1[0m[1m[7m [0m[1m[7mout [0m[1m[7m [0m[1m[7msql     [0m[1m[7m [0m[1m[7m1     [0m[1m  [0m
