2013-09-06T20:00:49.124 abc 49 def 0     c.e.foo Starting up service
2013-09-06T22:00:49.124 abc 49 def 0     c.e.foo Shutting down service
  user: steve@example.com
2013-09-06T22:01:49.124 abc 49 def 10    c.e.foo looking bad
