Row 0:
  Column realpath('sql_fs_realpath_test.lnk'): {builddir}/drive_sql
