 Thu Nov 03 09:20:00          1 normal         2 errors         0 warnings         0 marks
 Thu Nov 03 09:45:00          1 normal         0 errors         0 warnings         0 marks
 Fri Feb 03 09:20:00          0 normal         1 errors         0 warnings         0 marks
 Wed Jan 03 09:20:00          1 normal         0 errors         0 warnings         0 marks
